// Jest Snapshot v1, https://goo.gl/fbAQLP

exports[`Test bad heading 1`] = `
{
  "content": "<h4 id="l4">L4</h4>
<h3 id="l3">L3</h3>
<h2 id="l2">L2</h2>
<h1 id="l1">L1</h1>
<h2 id="l2-1">L2</h2>
<h3 id="l3-1">L3</h3>
<h4 id="l4-1">L4</h4>",
  "metadata": {},
  "toc": [
    {
      "anchor": "#l4",
      "child": [],
      "title": "L4",
    },
    {
      "anchor": "#l3",
      "child": [],
      "title": "L3",
    },
    {
      "anchor": "#l2",
      "child": [],
      "title": "L2",
    },
    {
      "anchor": "#l1",
      "child": [
        {
          "anchor": "#l2-1",
          "child": [
            {
              "anchor": "#l3-1",
              "child": [
                {
                  "anchor": "#l4-1",
                  "child": [],
                  "title": "L4",
                },
              ],
              "title": "L3",
            },
          ],
          "title": "L2",
        },
      ],
      "title": "L1",
    },
  ],
}
`;

exports[`Test markdown parse 1`] = `
{
  "content": "<p>Markdown是一种轻量级的「标记语言」。</p>
<h2 id="1-markdown语法教程">1 Markdown语法教程</h2>
<h3 id="11-标题">1.1 标题</h3>
<p>不同数量的<code>#</code>可以完成不同的标题.。</p>
<h3 id="12-字体">1.2 字体</h3>
<p>粗体、斜体、粗体和斜体，删除线，需要在文字前后加不同的标记符号。如下：</p>
<p><strong>这个是粗体</strong></p>
<p><em>这个是斜体</em></p>
<p><strong><em>这个是粗体加斜体</em></strong></p>
<p><del>这里是删除线</del></p>
<p>注：如果想给字体换颜色、字体或者居中显示，需要使用内嵌HTML来实现。</p>
<h3 id="13-无序列表">1.3 无序列表</h3>
<p>无序列表的使用，在符号<code>-</code>后加空格使用。如下：</p>
<ul>
<li>无序列表 1</li>
<li>无序列表 2</li>
<li>无序列表 3</li>
</ul>
<p>如果要控制列表的层级，则需要在符号<code>-</code>前使用空格。如下：</p>
<ul>
<li>无序列表 1</li>
<li>无序列表 2<ul>
<li>无序列表 2.1</li>
<li>无序列表 2.2</li></ul></li>
</ul>
<h3 id="14-有序列表">1.4 有序列表</h3>
<p>有序列表的使用，在数字及符号<code>.</code>后加空格后输入内容，如下：</p>
<ol>
<li>有序列表 1</li>
<li>有序列表 2</li>
<li>有序列表 3</li>
</ol>
<h3 id="15-引用">1.5 引用</h3>
<p>引用的格式是在符号<code>&gt;</code>后面书写文字。如下：</p>
<blockquote>
  <p>读一本好书，就是在和高尚的人谈话。 ——歌德</p>
</blockquote>
<blockquote>
  <p>雇用制度对工人不利，但工人根本无力摆脱这个制度。 ——阮一峰</p>
</blockquote>
<h3 id="16-链接">1.6 链接</h3>
<p><a href="https://github.com/nextjs-particlex-theme/particlex">particlex</a></p>
<h3 id="17-图片">1.7 图片</h3>
<p><img src="/favicon.ico" alt="favicon.ico" /></p>
<h3 id="18-分割线">1.8 分割线</h3>
<p>可以在一行中用三个以上的减号来建立一个分隔线，同时需要在分隔线的上面空一行。如下：</p>
<hr />
<h3 id="19-表格">1.9 表格</h3>
<p>可以使用冒号来定义表格的对齐方式，如下：</p>
<table>
<thead>
<tr>
<th id="姓名" style="text-align:left;">姓名</th>
<th id="年龄" style="text-align:center;">年龄</th>
<th id="工作" style="text-align:right;">工作</th>
</tr>
</thead>
<tbody>
<tr>
<td style="text-align:left;">小可爱</td>
<td style="text-align:center;">18</td>
<td style="text-align:right;">吃可爱多</td>
</tr>
<tr>
<td style="text-align:left;">小小勇敢</td>
<td style="text-align:center;">20</td>
<td style="text-align:right;">爬棵勇敢树</td>
</tr>
<tr>
<td style="text-align:left;">小小小机智</td>
<td style="text-align:center;">22</td>
<td style="text-align:right;">看一本机智书</td>
</tr>
</tbody>
</table>
<h3 id="110-代码块">1.10 代码块</h3>
<p>如果在一个行内需要引用代码，只要用反引号引起来就好，如下：</p>
<p>Use the <code>printf()</code> function.</p>
<p>在需要高亮的代码块的前一行及后一行使用三个反引号，同时<strong>第一行反引号后面表示代码块所使用的语言</strong>，如下：</p>
<pre><code class="java language-java">// FileName: HelloWorld.java
public class HelloWorld {
  // Java 入口程序，程序从此入口
  public static void main(String[] args) {
    System.out.println("Hello,World!"); // 向控制台打印一条语句
  }
}</code></pre>
<pre><code class="xml language-xml">&lt;hello&gt;
    &lt;world&gt;&lt;/world&gt;
&lt;/hello&gt;</code></pre>
<h2 id="2-其他语法">2 其他语法</h2>
<h3 id="21-html">2.1 HTML</h3>
<p>支持原生 HTML 语法，请写内联样式，如下：</p>
<p><span style="display:block;text-align:right;color:orangered;">橙色居右</span><br />
<span style="display:block;text-align:center;color:orangered;">橙色居中</span></p>
<h3 id="github-警告">Github 警告</h3>
<blockquote>
  <p>[!NOTE]<br />
  Note 123</p>
</blockquote>
<blockquote>
  <p>[!TIP]<br />
  TIP 123</p>
</blockquote>
<blockquote>
  <p>[!IMPORTANT]<br />
  IMPORTANT 123</p>
</blockquote>
<blockquote>
  <p>[!WARNING]<br />
  WARNING 123</p>
</blockquote>
<blockquote>
  <p>[!CAUTION]<br />
  CAUTION 123</p>
</blockquote>",
  "metadata": {
    "date": "2024/07/31 16:22:39",
    "title": "example",
  },
  "toc": [
    {
      "anchor": "#1-markdown语法教程",
      "child": [
        {
          "anchor": "#11-标题",
          "child": [],
          "title": "1.1 标题",
        },
        {
          "anchor": "#12-字体",
          "child": [],
          "title": "1.2 字体",
        },
        {
          "anchor": "#13-无序列表",
          "child": [],
          "title": "1.3 无序列表",
        },
        {
          "anchor": "#14-有序列表",
          "child": [],
          "title": "1.4 有序列表",
        },
        {
          "anchor": "#15-引用",
          "child": [],
          "title": "1.5 引用",
        },
        {
          "anchor": "#16-链接",
          "child": [],
          "title": "1.6 链接",
        },
        {
          "anchor": "#17-图片",
          "child": [],
          "title": "1.7 图片",
        },
        {
          "anchor": "#18-分割线",
          "child": [],
          "title": "1.8 分割线",
        },
        {
          "anchor": "#19-表格",
          "child": [],
          "title": "1.9 表格",
        },
        {
          "anchor": "#110-代码块",
          "child": [],
          "title": "1.10 代码块",
        },
      ],
      "title": "1 Markdown语法教程",
    },
    {
      "anchor": "#2-其他语法",
      "child": [
        {
          "anchor": "#21-html",
          "child": [],
          "title": "2.1 HTML",
        },
        {
          "anchor": "#github-警告",
          "child": [],
          "title": "Github 警告",
        },
      ],
      "title": "2 其他语法",
    },
  ],
}
`;
